[INFO] Scanning for projects...
[INFO] 
[INFO] ------------------------< com.xala:gym-backend >------------------------
[INFO] Building GymXalaSystem 0.0.1-SNAPSHOT
[INFO]   from pom.xml
[INFO] --------------------------------[ jar ]---------------------------------
[INFO] 
[INFO] >>> spring-boot:3.5.9:run (default-cli) > test-compile @ gym-backend >>>
[INFO] 
[INFO] --- resources:3.3.1:resources (default-resources) @ gym-backend ---
[INFO] Copying 1 resource from src\main\resources to target\classes
[INFO] Copying 0 resource from src\main\resources to target\classes
[INFO] 
[INFO] --- compiler:3.11.0:compile (default-compile) @ gym-backend ---
[INFO] Nothing to compile - all classes are up to date
[INFO] 
[INFO] --- resources:3.3.1:testResources (default-testResources) @ gym-backend ---
[INFO] skip non existing resourceDirectory E:\gym-xala\gym-backend\src\test\resources
[INFO] 
[INFO] --- compiler:3.11.0:testCompile (default-testCompile) @ gym-backend ---
[INFO] Nothing to compile - all classes are up to date
[INFO] 
[INFO] <<< spring-boot:3.5.9:run (default-cli) < test-compile @ gym-backend <<<
[INFO] 
[INFO] 
[INFO] --- spring-boot:3.5.9:run (default-cli) @ gym-backend ---
[INFO] Attaching agents: []

  .   ____          _            __ _ _
 /\\ / ___'_ __ _ _(_)_ __  __ _ \ \ \ \
( ( )\___ | '_ | '_| | '_ \/ _` | \ \ \ \
 \\/  ___)| |_)| | | | | || (_| |  ) ) ) )
  '  |____| .__|_| |_|_| |_\__, | / / / /
 =========|_|==============|___/=/_/_/_/

 :: Spring Boot ::                (v3.5.9)

2026-03-31T12:04:43.006+07:00  INFO 21080 --- [GymXalaSystem] [  restartedMain] com.xala.gym.GymXalaSystemApplication    : Starting GymXalaSystemApplication using Java 17.0.12 with PID 21080 (E:\gym-xala\gym-backend\target\classes started by 84335 in E:\gym-xala\gym-backend)
2026-03-31T12:04:43.008+07:00  INFO 21080 --- [GymXalaSystem] [  restartedMain] com.xala.gym.GymXalaSystemApplication    : No active profile set, falling back to 1 default profile: "default"
2026-03-31T12:04:43.038+07:00  INFO 21080 --- [GymXalaSystem] [  restartedMain] .e.DevToolsPropertyDefaultsPostProcessor : Devtools property defaults active! Set 'spring.devtools.add-properties' to 'false' to disable
2026-03-31T12:04:43.039+07:00  INFO 21080 --- [GymXalaSystem] [  restartedMain] .e.DevToolsPropertyDefaultsPostProcessor : For additional web related logging consider setting the 'logging.level.web' property to 'DEBUG'
2026-03-31T12:04:43.607+07:00  INFO 21080 --- [GymXalaSystem] [  restartedMain] .s.d.r.c.RepositoryConfigurationDelegate : Bootstrapping Spring Data JPA repositories in DEFAULT mode.
2026-03-31T12:04:43.693+07:00  INFO 21080 --- [GymXalaSystem] [  restartedMain] .s.d.r.c.RepositoryConfigurationDelegate : Finished Spring Data repository scanning in 77 ms. Found 20 JPA repository interfaces.
2026-03-31T12:04:43.831+07:00  INFO 21080 --- [GymXalaSystem] [  restartedMain] o.s.cloud.context.scope.GenericScope     : BeanFactory id=2de0e2d5-6880-350d-b194-78b1c56cf49e
2026-03-31T12:04:44.197+07:00  INFO 21080 --- [GymXalaSystem] [  restartedMain] o.s.b.w.embedded.tomcat.TomcatWebServer  : Tomcat initialized with port 8080 (http)
2026-03-31T12:04:44.207+07:00  INFO 21080 --- [GymXalaSystem] [  restartedMain] o.apache.catalina.core.StandardService   : Starting service [Tomcat]
2026-03-31T12:04:44.207+07:00  INFO 21080 --- [GymXalaSystem] [  restartedMain] o.apache.catalina.core.StandardEngine    : Starting Servlet engine: [Apache Tomcat/10.1.50]
2026-03-31T12:04:44.239+07:00  INFO 21080 --- [GymXalaSystem] [  restartedMain] o.a.c.c.C.[Tomcat].[localhost].[/]       : Initializing Spring embedded WebApplicationContext
2026-03-31T12:04:44.240+07:00  INFO 21080 --- [GymXalaSystem] [  restartedMain] w.s.c.ServletWebServerApplicationContext : Root WebApplicationContext: initialization completed in 1200 ms
2026-03-31T12:04:44.328+07:00  INFO 21080 --- [GymXalaSystem] [  restartedMain] o.hibernate.jpa.internal.util.LogHelper  : HHH000204: Processing PersistenceUnitInfo [name: default]
2026-03-31T12:04:44.356+07:00  INFO 21080 --- [GymXalaSystem] [  restartedMain] org.hibernate.Version                    : HHH000412: Hibernate ORM core version 6.6.39.Final
2026-03-31T12:04:44.377+07:00  INFO 21080 --- [GymXalaSystem] [  restartedMain] o.h.c.internal.RegionFactoryInitiator    : HHH000026: Second-level cache disabled
2026-03-31T12:04:44.541+07:00  INFO 21080 --- [GymXalaSystem] [  restartedMain] o.s.o.j.p.SpringPersistenceUnitInfo      : No LoadTimeWeaver setup: ignoring JPA class transformer
2026-03-31T12:04:44.563+07:00  INFO 21080 --- [GymXalaSystem] [  restartedMain] com.zaxxer.hikari.HikariDataSource       : HikariPool-1 - Starting...
2026-03-31T12:04:44.664+07:00  INFO 21080 --- [GymXalaSystem] [  restartedMain] com.zaxxer.hikari.pool.HikariPool        : HikariPool-1 - Added connection com.mysql.cj.jdbc.ConnectionImpl@34b9718e
2026-03-31T12:04:44.667+07:00  INFO 21080 --- [GymXalaSystem] [  restartedMain] com.zaxxer.hikari.HikariDataSource       : HikariPool-1 - Start completed.
2026-03-31T12:04:44.695+07:00  WARN 21080 --- [GymXalaSystem] [  restartedMain] org.hibernate.orm.deprecation            : HHH90000025: MySQL8Dialect does not need to be specified explicitly using 'hibernate.dialect' (remove the property setting and it will be selected by default)
2026-03-31T12:04:44.702+07:00  WARN 21080 --- [GymXalaSystem] [  restartedMain] org.hibernate.orm.deprecation            : HHH90000026: MySQL8Dialect has been deprecated; use org.hibernate.dialect.MySQLDialect instead
2026-03-31T12:04:44.714+07:00  INFO 21080 --- [GymXalaSystem] [  restartedMain] org.hibernate.orm.connections.pooling    : HHH10001005: Database info:
	Database JDBC URL [Connecting through datasource 'HikariDataSource (HikariPool-1)']
	Database driver: undefined/unknown
	Database version: 8.0
	Autocommit mode: undefined/unknown
	Isolation level: undefined/unknown
	Minimum pool size: undefined/unknown
	Maximum pool size: undefined/unknown
2026-03-31T12:04:45.648+07:00  INFO 21080 --- [GymXalaSystem] [  restartedMain] o.h.e.t.j.p.i.JtaPlatformInitiator       : HHH000489: No JTA platform available (set 'hibernate.transaction.jta.platform' to enable JTA platform integration)
Hibernate: 
    alter table role 
       modify column name enum ('ROLE_ADMIN','ROLE_MEMBER','ROLE_PT')
2026-03-31T12:04:45.847+07:00  INFO 21080 --- [GymXalaSystem] [  restartedMain] j.LocalContainerEntityManagerFactoryBean : Initialized JPA EntityManagerFactory for persistence unit 'default'
2026-03-31T12:04:46.092+07:00  INFO 21080 --- [GymXalaSystem] [  restartedMain] o.s.d.j.r.query.QueryEnhancerFactory     : Hibernate is in classpath; If applicable, HQL parser will be used.
2026-03-31T12:04:47.390+07:00  WARN 21080 --- [GymXalaSystem] [  restartedMain] JpaBaseConfiguration$JpaWebConfiguration : spring.jpa.open-in-view is enabled by default. Therefore, database queries may be performed during view rendering. Explicitly configure spring.jpa.open-in-view to disable this warning
2026-03-31T12:04:47.571+07:00  INFO 21080 --- [GymXalaSystem] [  restartedMain] eAuthenticationProviderManagerConfigurer : Global AuthenticationManager configured with AuthenticationProvider bean with name authenticationProvider
2026-03-31T12:04:47.572+07:00  WARN 21080 --- [GymXalaSystem] [  restartedMain] r$InitializeUserDetailsManagerConfigurer : Global AuthenticationManager configured with an AuthenticationProvider bean. UserDetailsService beans will not be used by Spring Security for automatically configuring username/password login. Consider removing the AuthenticationProvider bean. Alternatively, consider using the UserDetailsService in a manually instantiated DaoAuthenticationProvider. If the current configuration is intentional, to turn off this warning, increase the logging level of 'org.springframework.security.config.annotation.authentication.configuration.InitializeUserDetailsBeanManagerConfigurer' to ERROR
2026-03-31T12:04:47.870+07:00  WARN 21080 --- [GymXalaSystem] [  restartedMain] o.s.b.d.a.OptionalLiveReloadServer       : Unable to start LiveReload server
2026-03-31T12:04:47.997+07:00  WARN 21080 --- [GymXalaSystem] [  restartedMain] ConfigServletWebServerApplicationContext : Exception encountered during context initialization - cancelling refresh attempt: org.springframework.context.ApplicationContextException: Failed to start bean 'webServerStartStop'
2026-03-31T12:04:48.002+07:00  INFO 21080 --- [GymXalaSystem] [  restartedMain] j.LocalContainerEntityManagerFactoryBean : Closing JPA EntityManagerFactory for persistence unit 'default'
2026-03-31T12:04:48.005+07:00  INFO 21080 --- [GymXalaSystem] [  restartedMain] com.zaxxer.hikari.HikariDataSource       : HikariPool-1 - Shutdown initiated...
2026-03-31T12:04:48.011+07:00  INFO 21080 --- [GymXalaSystem] [  restartedMain] com.zaxxer.hikari.HikariDataSource       : HikariPool-1 - Shutdown completed.
2026-03-31T12:04:48.023+07:00  INFO 21080 --- [GymXalaSystem] [  restartedMain] .s.b.a.l.ConditionEvaluationReportLogger : 

Error starting ApplicationContext. To display the condition evaluation report re-run your application with 'debug' enabled.
2026-03-31T12:04:48.038+07:00 ERROR 21080 --- [GymXalaSystem] [  restartedMain] o.s.b.d.LoggingFailureAnalysisReporter   : 

***************************
APPLICATION FAILED TO START
***************************

Description:

Web server failed to start. Port 8080 was already in use.

Action:

Identify and stop the process that's listening on port 8080 or configure this application to listen on another port.

[INFO] ------------------------------------------------------------------------
[INFO] BUILD SUCCESS
[INFO] ------------------------------------------------------------------------
[INFO] Total time:  7.377 s
[INFO] Finished at: 2026-03-31T12:04:48+07:00
[INFO] ------------------------------------------------------------------------
