[INFO] Scanning for projects...
[INFO] 
[INFO] ------------------------< com.xala:gym-backend >------------------------
[INFO] Building GymXalaSystem 0.0.1-SNAPSHOT
[INFO]   from pom.xml
[INFO] --------------------------------[ jar ]---------------------------------
[INFO] 
[INFO] --- clean:3.4.1:clean (default-clean) @ gym-backend ---
[INFO] Deleting E:\gym-xala\gym-backend\target
[INFO] 
[INFO] --- resources:3.3.1:resources (default-resources) @ gym-backend ---
[INFO] Copying 1 resource from src\main\resources to target\classes
[INFO] Copying 0 resource from src\main\resources to target\classes
[INFO] 
[INFO] --- compiler:3.11.0:compile (default-compile) @ gym-backend ---
[INFO] Changes detected - recompiling the module! :source
[INFO] Compiling 157 source files with javac [debug release 17] to target\classes
[INFO] /E:/gym-xala/gym-backend/src/main/java/com/xala/gym/security/SecurityConfig.java: E:\gym-xala\gym-backend\src\main\java\com\xala\gym\security\SecurityConfig.java uses or overrides a deprecated API.
[INFO] /E:/gym-xala/gym-backend/src/main/java/com/xala/gym/security/SecurityConfig.java: Recompile with -Xlint:deprecation for details.
[INFO] /E:/gym-xala/gym-backend/src/main/java/com/xala/gym/service/AIConsultationService.java: E:\gym-xala\gym-backend\src\main\java\com\xala\gym\service\AIConsultationService.java uses unchecked or unsafe operations.
[INFO] /E:/gym-xala/gym-backend/src/main/java/com/xala/gym/service/AIConsultationService.java: Recompile with -Xlint:unchecked for details.
[INFO] ------------------------------------------------------------------------
[INFO] BUILD SUCCESS
[INFO] ------------------------------------------------------------------------
[INFO] Total time:  7.515 s
[INFO] Finished at: 2026-03-31T17:13:14+07:00
[INFO] ------------------------------------------------------------------------
