[INFO] Scanning for projects...
[INFO] 
[INFO] ------------------------< com.xala:gym-backend >------------------------
[INFO] Building GymXalaSystem 0.0.1-SNAPSHOT
[INFO]   from pom.xml
[INFO] --------------------------------[ jar ]---------------------------------
[INFO] 
[INFO] --- clean:3.4.1:clean (default-clean) @ gym-backend ---
[INFO] Deleting E:\gym-xala\gym-backend\target
[INFO] 
[INFO] --- resources:3.3.1:resources (default-resources) @ gym-backend ---
[INFO] Copying 1 resource from src\main\resources to target\classes
[INFO] Copying 0 resource from src\main\resources to target\classes
[INFO] 
[INFO] --- compiler:3.11.0:compile (default-compile) @ gym-backend ---
[INFO] Changes detected - recompiling the module! :source
[INFO] Compiling 157 source files with javac [debug release 17] to target\classes
[INFO] /E:/gym-xala/gym-backend/src/main/java/com/xala/gym/security/SecurityConfig.java: E:\gym-xala\gym-backend\src\main\java\com\xala\gym\security\SecurityConfig.java uses or overrides a deprecated API.
[INFO] /E:/gym-xala/gym-backend/src/main/java/com/xala/gym/security/SecurityConfig.java: Recompile with -Xlint:deprecation for details.
[INFO] /E:/gym-xala/gym-backend/src/main/java/com/xala/gym/service/AIConsultationService.java: E:\gym-xala\gym-backend\src\main\java\com\xala\gym\service\AIConsultationService.java uses unchecked or unsafe operations.
[INFO] /E:/gym-xala/gym-backend/src/main/java/com/xala/gym/service/AIConsultationService.java: Recompile with -Xlint:unchecked for details.
[INFO] -------------------------------------------------------------
[ERROR] COMPILATION ERROR : 
[INFO] -------------------------------------------------------------
[ERROR] /E:/gym-xala/gym-backend/src/main/java/com/xala/gym/controller/PtScheduleController.java:[89,33] incompatible types: inference variable T has incompatible bounds
    equality constraints: java.util.List<com.xala.gym.dto.response.MemberExerciseProgressResponse>
    lower bounds: com.xala.gym.dto.response.MemberProgressResponse
[INFO] 1 error
[INFO] -------------------------------------------------------------
[INFO] ------------------------------------------------------------------------
[INFO] BUILD FAILURE
[INFO] ------------------------------------------------------------------------
[INFO] Total time:  9.276 s
[INFO] Finished at: 2026-03-31T17:10:45+07:00
[INFO] ------------------------------------------------------------------------
[ERROR] Failed to execute goal org.apache.maven.plugins:maven-compiler-plugin:3.11.0:compile (default-compile) on project gym-backend: Compilation failure
[ERROR] /E:/gym-xala/gym-backend/src/main/java/com/xala/gym/controller/PtScheduleController.java:[89,33] incompatible types: inference variable T has incompatible bounds
[ERROR]     equality constraints: java.util.List<com.xala.gym.dto.response.MemberExerciseProgressResponse>
[ERROR]     lower bounds: com.xala.gym.dto.response.MemberProgressResponse
[ERROR] 
[ERROR] -> [Help 1]
[ERROR] 
[ERROR] To see the full stack trace of the errors, re-run Maven with the -e switch.
[ERROR] Re-run Maven using the -X switch to enable full debug logging.
[ERROR] 
[ERROR] For more information about the errors and possible solutions, please read the following articles:
[ERROR] [Help 1] http://cwiki.apache.org/confluence/display/MAVEN/MojoFailureException
