[INFO] Scanning for projects...
[INFO] 
[INFO] ------------------------< com.xala:gym-backend >------------------------
[INFO] Building GymXalaSystem 0.0.1-SNAPSHOT
[INFO]   from pom.xml
[INFO] --------------------------------[ jar ]---------------------------------
[INFO] 
[INFO] --- clean:3.4.1:clean (default-clean) @ gym-backend ---
[INFO] Deleting E:\gym-xala\gym-backend\target
[INFO] 
[INFO] --- resources:3.3.1:resources (default-resources) @ gym-backend ---
[INFO] Copying 1 resource from src\main\resources to target\classes
[INFO] Copying 0 resource from src\main\resources to target\classes
[INFO] 
[INFO] --- compiler:3.11.0:compile (default-compile) @ gym-backend ---
[INFO] Changes detected - recompiling the module! :source
[INFO] Compiling 155 source files with javac [debug release 17] to target\classes
[INFO] /E:/gym-xala/gym-backend/src/main/java/com/xala/gym/security/SecurityConfig.java: E:\gym-xala\gym-backend\src\main\java\com\xala\gym\security\SecurityConfig.java uses or overrides a deprecated API.
[INFO] /E:/gym-xala/gym-backend/src/main/java/com/xala/gym/security/SecurityConfig.java: Recompile with -Xlint:deprecation for details.
[INFO] /E:/gym-xala/gym-backend/src/main/java/com/xala/gym/service/AIConsultationService.java: E:\gym-xala\gym-backend\src\main\java\com\xala\gym\service\AIConsultationService.java uses unchecked or unsafe operations.
[INFO] /E:/gym-xala/gym-backend/src/main/java/com/xala/gym/service/AIConsultationService.java: Recompile with -Xlint:unchecked for details.
[INFO] 
[INFO] --- resources:3.3.1:testResources (default-testResources) @ gym-backend ---
[INFO] skip non existing resourceDirectory E:\gym-xala\gym-backend\src\test\resources
[INFO] 
[INFO] --- compiler:3.11.0:testCompile (default-testCompile) @ gym-backend ---
[INFO] Changes detected - recompiling the module! :dependency
[INFO] Compiling 2 source files with javac [debug release 17] to target\test-classes
[INFO] 
[INFO] --- surefire:3.5.4:test (default-test) @ gym-backend ---
[INFO] Tests are skipped.
[INFO] 
[INFO] --- jar:3.4.2:jar (default-jar) @ gym-backend ---
[INFO] Building jar: E:\gym-xala\gym-backend\target\gym-backend-0.0.1-SNAPSHOT.jar
[INFO] 
[INFO] --- spring-boot:3.5.9:repackage (repackage) @ gym-backend ---
[INFO] Replacing main artifact E:\gym-xala\gym-backend\target\gym-backend-0.0.1-SNAPSHOT.jar with repackaged archive, adding nested dependencies in BOOT-INF/.
[INFO] The original artifact has been renamed to E:\gym-xala\gym-backend\target\gym-backend-0.0.1-SNAPSHOT.jar.original
[INFO] 
[INFO] --- install:3.1.4:install (default-install) @ gym-backend ---
[INFO] Installing E:\gym-xala\gym-backend\pom.xml to C:\Users\84335\.m2\repository\com\xala\gym-backend\0.0.1-SNAPSHOT\gym-backend-0.0.1-SNAPSHOT.pom
[INFO] Installing E:\gym-xala\gym-backend\target\gym-backend-0.0.1-SNAPSHOT.jar to C:\Users\84335\.m2\repository\com\xala\gym-backend\0.0.1-SNAPSHOT\gym-backend-0.0.1-SNAPSHOT.jar
[INFO] ------------------------------------------------------------------------
[INFO] BUILD SUCCESS
[INFO] ------------------------------------------------------------------------
[INFO] Total time:  8.483 s
[INFO] Finished at: 2026-03-31T11:59:03+07:00
[INFO] ------------------------------------------------------------------------
